LCD.h:35:6:delay	16	static
LCD.h:45:6:LCD_init	8	static
LCD.h:74:6:LCD_write_nible	16	static
LCD.h:105:6:LCD_cmd	16	static
LCD.h:118:6:LCD_char	16	static
LCD.h:130:6:LCD_write_text	16	static
LCD.h:140:6:LCD_gotoxy	24	static
LCD.h:156:6:LCD_custom_char	24	static
LCD.h:165:6:LCD_write_number	40	static
main.c:74:5:main	24	static
main.c:158:6:SystemClock_Config	88	static
main.c:210:13:MX_TIM4_Init	32	static
main.c:255:13:MX_USART2_UART_Init	8	static
main.c:288:13:MX_GPIO_Init	48	static
main.c:333:6:myDelay	16	static
main.c:350:6:Error_Handler	4	static,ignoring_inline_asm
